ds4: Metal device Apple M5 Max, 64.00 GiB RAM
ds4: Metal 4 tensor API enabled for Tensor kernels
ds4: drift-patch flags hc_stable=on norm_unify=on kv_raw_f32=off rope_exp2_log2=off math_safe=off tensor_matmul=on
ds4: Metal model views created in 0.028 ms, residency requested in 0.428 ms, warmup 3.407 ms (mapped 27.17 MiB from offset 0.00 MiB)
ds4: Metal mapped mmaped model as 1 overlapping shared buffers
MoE tile tokens=511 run=0 134.412 ms
MoE tile tokens=511 run=1 4.305 ms
MoE tile tokens=511 run=2 2.214 ms
MoE tile tokens=511 run=3 3.481 ms
MoE tile tokens=511 run=4 2.707 ms
MoE prefill IQ2/Q2 tokens=511: PASS
MoE tile tokens=512 run=0 1.413 ms
MoE tile tokens=512 run=1 112.628 ms
MoE tile tokens=512 run=2 2.518 ms
MoE tile tokens=512 run=3 2.572 ms
MoE tile tokens=512 run=4 2.299 ms
MoE prefill IQ2/Q2 tokens=512: PASS
MoE tile tokens=513 run=0 2.231 ms
MoE tile tokens=513 run=1 4.724 ms
MoE tile tokens=513 run=2 2.391 ms
MoE tile tokens=513 run=3 2.637 ms
MoE tile tokens=513 run=4 1.865 ms
MoE prefill IQ2/Q2 tokens=513: PASS
MoE tile tokens=1024 run=0 2.042 ms
MoE tile tokens=1024 run=1 2.047 ms
MoE tile tokens=1024 run=2 2.778 ms
MoE tile tokens=1024 run=3 4.483 ms
MoE tile tokens=1024 run=4 2.168 ms
MoE prefill IQ2/Q2 tokens=1024: PASS
MoE tile tokens=2048 run=0 5.095 ms
MoE tile tokens=2048 run=1 3.605 ms
MoE tile tokens=2048 run=2 3.779 ms
MoE tile tokens=2048 run=3 5.708 ms
MoE tile tokens=2048 run=4 5.116 ms
MoE prefill IQ2/Q2 tokens=2048: PASS
MoE tile tokens=4096 run=0 7.855 ms
MoE tile tokens=4096 run=1 6.176 ms
MoE tile tokens=4096 run=2 5.017 ms
MoE tile tokens=4096 run=3 5.159 ms
MoE tile tokens=4096 run=4 4.953 ms
MoE prefill IQ2/Q2 tokens=4096: PASS
MoE tile tokens=8191 run=0 8.391 ms
MoE tile tokens=8191 run=1 7.201 ms
MoE tile tokens=8191 run=2 6.459 ms
MoE tile tokens=8191 run=3 7.991 ms
MoE tile tokens=8191 run=4 8.590 ms
MoE prefill IQ2/Q2 tokens=8191: PASS
MoE tile tokens=8192 run=0 11.753 ms
MoE tile tokens=8192 run=1 13.147 ms
MoE tile tokens=8192 run=2 4.503 ms
MoE tile tokens=8192 run=3 3.621 ms
MoE tile tokens=8192 run=4 3.672 ms
MoE prefill IQ2/Q2 tokens=8192: PASS
MoE tile tokens=8193 run=0 7.851 ms
MoE tile tokens=8193 run=1 4.735 ms
MoE tile tokens=8193 run=2 4.111 ms
MoE tile tokens=8193 run=3 6.041 ms
MoE tile tokens=8193 run=4 5.870 ms
MoE prefill IQ2/Q2 tokens=8193: PASS
MoE tile tokens=512 run=0 1.524 ms
MoE tile tokens=512 run=1 2.892 ms
MoE tile tokens=512 run=2 1.083 ms
MoE tile tokens=512 run=3 3.444 ms
MoE tile tokens=512 run=4 1.185 ms
MoE prefill IQ2/Q2 tokens=512: PASS
ds4: Metal device Apple M5 Max, 64.00 GiB RAM
ds4: Metal 4 tensor API enabled for Tensor kernels
ds4: drift-patch flags hc_stable=on norm_unify=on kv_raw_f32=off rope_exp2_log2=off math_safe=off tensor_matmul=on
ds4: Metal model views created in 0.035 ms, residency requested in 0.325 ms, warmup 3.065 ms (mapped 51.27 MiB from offset 0.00 MiB)
ds4: Metal mapped mmaped model as 1 overlapping shared buffers
MoE tile tokens=511 run=0 7.220 ms
MoE tile tokens=511 run=1 4.125 ms
MoE tile tokens=511 run=2 1.666 ms
MoE tile tokens=511 run=3 3.520 ms
MoE tile tokens=511 run=4 1.703 ms
MoE prefill MXFP4 tokens=511: PASS
MoE tile tokens=512 run=0 1.968 ms
MoE tile tokens=512 run=1 47.706 ms
MoE tile tokens=512 run=2 5.520 ms
MoE tile tokens=512 run=3 1.902 ms
MoE tile tokens=512 run=4 3.534 ms
MoE prefill MXFP4 tokens=512: PASS
MoE tile tokens=513 run=0 4.829 ms
MoE tile tokens=513 run=1 5.072 ms
MoE tile tokens=513 run=2 1.566 ms
MoE tile tokens=513 run=3 3.566 ms
MoE tile tokens=513 run=4 1.643 ms
MoE prefill MXFP4 tokens=513: PASS
MoE tile tokens=1024 run=0 1.921 ms
MoE tile tokens=1024 run=1 2.216 ms
MoE tile tokens=1024 run=2 1.737 ms
MoE tile tokens=1024 run=3 4.061 ms
MoE tile tokens=1024 run=4 1.970 ms
MoE prefill MXFP4 tokens=1024: PASS
MoE tile tokens=2048 run=0 4.674 ms
MoE tile tokens=2048 run=1 5.133 ms
MoE tile tokens=2048 run=2 4.290 ms
MoE tile tokens=2048 run=3 3.573 ms
MoE tile tokens=2048 run=4 3.308 ms
MoE prefill MXFP4 tokens=2048: PASS
MoE tile tokens=4096 run=0 8.022 ms
MoE tile tokens=4096 run=1 6.911 ms
MoE tile tokens=4096 run=2 5.185 ms
MoE tile tokens=4096 run=3 6.158 ms
MoE tile tokens=4096 run=4 5.937 ms
MoE prefill MXFP4 tokens=4096: PASS
MoE tile tokens=8191 run=0 14.307 ms
MoE tile tokens=8191 run=1 9.211 ms
MoE tile tokens=8191 run=2 4.749 ms
MoE tile tokens=8191 run=3 6.226 ms
MoE tile tokens=8191 run=4 4.539 ms
MoE prefill MXFP4 tokens=8191: PASS
MoE tile tokens=8192 run=0 11.525 ms
MoE tile tokens=8192 run=1 4.325 ms
MoE tile tokens=8192 run=2 6.299 ms
MoE tile tokens=8192 run=3 6.948 ms
MoE tile tokens=8192 run=4 4.818 ms
MoE prefill MXFP4 tokens=8192: PASS
MoE tile tokens=8193 run=0 12.480 ms
MoE tile tokens=8193 run=1 8.755 ms
MoE tile tokens=8193 run=2 11.232 ms
MoE tile tokens=8193 run=3 7.359 ms
MoE tile tokens=8193 run=4 4.509 ms
MoE prefill MXFP4 tokens=8193: PASS
MoE tile tokens=512 run=0 1.142 ms
MoE tile tokens=512 run=1 0.828 ms
MoE tile tokens=512 run=2 0.822 ms
MoE tile tokens=512 run=3 1.162 ms
MoE tile tokens=512 run=4 1.372 ms
MoE prefill MXFP4 tokens=512: PASS
MoE tile tokens=2 run=0 0.527 ms
MoE tile tokens=2 run=1 0.210 ms
MoE tile tokens=2 run=2 0.230 ms
MoE tile tokens=2 run=3 0.174 ms
MoE tile tokens=2 run=4 0.222 ms
MoE prefill MXFP4 tokens=2: PASS
MoE tile tokens=3 run=0 0.235 ms
MoE tile tokens=3 run=1 0.191 ms
MoE tile tokens=3 run=2 0.181 ms
MoE tile tokens=3 run=3 0.227 ms
MoE tile tokens=3 run=4 0.236 ms
MoE prefill MXFP4 tokens=3: PASS
MoE tile tokens=4 run=0 0.327 ms
MoE tile tokens=4 run=1 0.200 ms
MoE tile tokens=4 run=2 0.198 ms
MoE tile tokens=4 run=3 0.210 ms
MoE tile tokens=4 run=4 0.214 ms
MoE prefill MXFP4 tokens=4: PASS
MoE tile tokens=5 run=0 0.225 ms
MoE tile tokens=5 run=1 0.224 ms
MoE tile tokens=5 run=2 0.224 ms
MoE tile tokens=5 run=3 0.171 ms
MoE tile tokens=5 run=4 0.520 ms
MoE prefill MXFP4 tokens=5: PASS
MoE tile tokens=6 run=0 0.756 ms
MoE tile tokens=6 run=1 0.252 ms
MoE tile tokens=6 run=2 0.211 ms
MoE tile tokens=6 run=3 0.205 ms
MoE tile tokens=6 run=4 0.212 ms
MoE prefill MXFP4 tokens=6: PASS
MoE tile tokens=511 run=0 1.319 ms
MoE tile tokens=511 run=1 1.000 ms
MoE tile tokens=511 run=2 0.729 ms
MoE tile tokens=511 run=3 0.578 ms
MoE tile tokens=511 run=4 0.590 ms
MoE prefill MXFP4 tokens=511: PASS
MoE tile tokens=512 run=0 1.057 ms
MoE tile tokens=512 run=1 2.317 ms
MoE tile tokens=512 run=2 0.710 ms
MoE tile tokens=512 run=3 0.746 ms
MoE tile tokens=512 run=4 1.905 ms
MoE prefill MXFP4 tokens=512: PASS
MoE tile tokens=513 run=0 1.167 ms
MoE tile tokens=513 run=1 0.843 ms
MoE tile tokens=513 run=2 0.720 ms
MoE tile tokens=513 run=3 0.883 ms
MoE tile tokens=513 run=4 1.917 ms
MoE prefill MXFP4 tokens=513: PASS
MoE tile tokens=1024 run=0 1.597 ms
MoE tile tokens=1024 run=1 2.464 ms
MoE tile tokens=1024 run=2 0.931 ms
MoE tile tokens=1024 run=3 0.915 ms
MoE tile tokens=1024 run=4 0.927 ms
MoE prefill MXFP4 tokens=1024: PASS
MoE tile tokens=2048 run=0 3.300 ms
MoE tile tokens=2048 run=1 1.393 ms
MoE tile tokens=2048 run=2 1.455 ms
MoE tile tokens=2048 run=3 2.822 ms
MoE tile tokens=2048 run=4 2.737 ms
MoE prefill MXFP4 tokens=2048: PASS
MoE tile tokens=4096 run=0 4.141 ms
MoE tile tokens=4096 run=1 2.708 ms
MoE tile tokens=4096 run=2 4.972 ms
MoE tile tokens=4096 run=3 5.215 ms
MoE tile tokens=4096 run=4 5.730 ms
MoE prefill MXFP4 tokens=4096: PASS
MoE tile tokens=8191 run=0 11.962 ms
MoE tile tokens=8191 run=1 4.070 ms
MoE tile tokens=8191 run=2 6.390 ms
MoE tile tokens=8191 run=3 4.860 ms
MoE tile tokens=8191 run=4 4.543 ms
MoE prefill MXFP4 tokens=8191: PASS
MoE tile tokens=8192 run=0 10.316 ms
MoE tile tokens=8192 run=1 9.016 ms
MoE tile tokens=8192 run=2 4.596 ms
MoE tile tokens=8192 run=3 4.091 ms
MoE tile tokens=8192 run=4 4.148 ms
MoE prefill MXFP4 tokens=8192: PASS
MoE tile tokens=8193 run=0 10.181 ms
MoE tile tokens=8193 run=1 9.506 ms
MoE tile tokens=8193 run=2 5.645 ms
MoE tile tokens=8193 run=3 4.267 ms
MoE tile tokens=8193 run=4 4.035 ms
MoE prefill MXFP4 tokens=8193: PASS
MoE tile tokens=512 run=0 1.245 ms
MoE tile tokens=512 run=1 2.190 ms
MoE tile tokens=512 run=2 0.875 ms
MoE tile tokens=512 run=3 1.454 ms
MoE tile tokens=512 run=4 1.201 ms
MoE prefill MXFP4 tokens=512: PASS
MoE tile tokens=2 run=0 0.192 ms
MoE tile tokens=2 run=1 0.148 ms
MoE tile tokens=2 run=2 0.134 ms
MoE tile tokens=2 run=3 0.162 ms
MoE tile tokens=2 run=4 0.165 ms
MoE prefill MXFP4 tokens=2: PASS
MoE tile tokens=3 run=0 0.192 ms
MoE tile tokens=3 run=1 0.182 ms
MoE tile tokens=3 run=2 0.180 ms
MoE tile tokens=3 run=3 0.187 ms
MoE tile tokens=3 run=4 0.159 ms
MoE prefill MXFP4 tokens=3: PASS
MoE tile tokens=4 run=0 0.817 ms
MoE tile tokens=4 run=1 0.223 ms
MoE tile tokens=4 run=2 0.168 ms
MoE tile tokens=4 run=3 0.157 ms
MoE tile tokens=4 run=4 0.174 ms
MoE prefill MXFP4 tokens=4: PASS
MoE tile tokens=5 run=0 0.209 ms
MoE tile tokens=5 run=1 0.182 ms
MoE tile tokens=5 run=2 0.308 ms
MoE tile tokens=5 run=3 0.394 ms
MoE tile tokens=5 run=4 0.512 ms
MoE prefill MXFP4 tokens=5: PASS
MoE tile tokens=6 run=0 1.083 ms
MoE tile tokens=6 run=1 0.232 ms
MoE tile tokens=6 run=2 0.282 ms
MoE tile tokens=6 run=3 0.185 ms
MoE tile tokens=6 run=4 0.190 ms
MoE prefill MXFP4 tokens=6: PASS
ds4: Metal device Apple M5 Max, 64.00 GiB RAM
ds4: Metal 4 tensor API enabled for Tensor kernels
ds4: drift-patch flags hc_stable=on norm_unify=on kv_raw_f32=off rope_exp2_log2=off math_safe=off tensor_matmul=on
ds4: Metal model views created in 0.202 ms, residency requested in 25.010 ms, warmup 2.394 ms (mapped 3264.00 MiB from offset 0.00 MiB)
ds4: Metal mapped mmaped model as 1 overlapping shared buffers
MXFP4 static batch rank=0 rows=6 exact: PASS
MXFP4 static batch rank=0 rows=2 exact: PASS
MXFP4 static batch rank=0 rows=5 exact: PASS
MXFP4 static batch rank=0 rows=3 exact: PASS
MXFP4 static batch rank=0 rows=4 exact: PASS
MXFP4 static batch rank=0 rows=6 exact: PASS
MXFP4 static batch rank=1 rows=6 exact: PASS
MXFP4 static batch rank=1 rows=2 exact: PASS
MXFP4 static batch rank=1 rows=5 exact: PASS
MXFP4 static batch rank=1 rows=3 exact: PASS
MXFP4 static batch rank=1 rows=4 exact: PASS
MXFP4 static batch rank=1 rows=6 exact: PASS
