ds4: Metal device Apple M5 Max, 64.00 GiB RAM
ds4: Metal 4 tensor API enabled for Tensor kernels
ds4: drift-patch flags hc_stable=on norm_unify=on kv_raw_f32=off rope_exp2_log2=off math_safe=off tensor_matmul=on
ds4: Metal SSD streaming mode enabled; full model residency and warmup are skipped
Metal SSD excludes persistent full-expert tables: PASS
ds4: Metal SSD streaming mode enabled; full model residency and warmup are skipped
Metal SSD type=16 batch cache exact outputs: PASS
Metal SSD seed/release 0: 188.47 MiB footprint
Metal SSD seed/release 1: 188.49 MiB footprint
Metal SSD seed/release 2: 188.47 MiB footprint
Metal SSD seed/release 3: 188.49 MiB footprint
Metal SSD seed/release 4: 188.47 MiB footprint
Metal SSD seed/release 5: 188.49 MiB footprint
Metal SSD seed/release 6: 188.49 MiB footprint
Metal SSD seed/release 7: 188.50 MiB footprint
Metal SSD seed/release 8: 188.49 MiB footprint
Metal SSD seed/release 9: 188.50 MiB footprint
ds4: Metal memory SSD expert test: runtime 0.00 GiB + streaming experts 0.00 GiB = 0.00 GiB tracked live
ds4:   runtime tensors live 0.00 MiB peak 14.57 MiB
ds4:   macOS task memory footprint 0.18 GiB, resident 0.11 GiB, virtual 415.55 GiB
ds4:   mmap model wrapper creations 1 buffers 0.02 GiB cumulative, 0.02 GiB max (not copied)
ds4:   model residency requests 0 (ssd-streaming)
ds4:   device Apple M5 Max, Metal 4 runtime yes, family yes, MTL4 queue yes, tensor API enabled, M5 neural accelerators likely
ds4:   accelerated Metal path enabled
ds4:   device Apple M5 Max, Metal 4 runtime yes, family yes, MTL4 queue yes, tensor API enabled, M5 neural accelerators likely
ds4:   scratch 0.25 MiB (flash mask 0.00, pad 0.00, tmp 0.00, blk 0.00, ring 0.00, kv 0.00, compressor 0.00, router 0.00, indexer 0.00, moe 0.25, f16 0.00, raw-store 0.00)
Metal SSD bounded target views and auxiliary mapping: PASS
Metal SSD type=16 8-expert eviction: PASS
