cc -O3 -ffast-math -g -mcpu=native -Wall -Wextra -std=c99 -c -o ds4_cli.o ds4_cli.c
cc -O3 -ffast-math -g -mcpu=native -Wall -Wextra -std=c99 -c -o ds4_help.o ds4_help.c
cc -O3 -ffast-math -g -mcpu=native -Wall -Wextra -std=c99 -c -o ds4_prompt_prefix.o ds4_prompt_prefix.c
cc -O3 -ffast-math -g -mcpu=native -Wall -Wextra -std=c99 -c -o linenoise.o linenoise.c
cc -O3 -ffast-math -g -mcpu=native -Wall -Wextra -std=c99 -c -o ds4_gpu_args.o ds4_gpu_args.c
cc -O3 -ffast-math -g -mcpu=native -Wall -Wextra -std=c99 -c -o ds4.o ds4.c
cc -O3 -ffast-math -g -mcpu=native -Wall -Wextra -std=c99 -c -o ds4_image.o ds4_image.c
cc -O3 -ffast-math -g -mcpu=native -Wall -Wextra -std=c99 -c -o ds4_distributed.o ds4_distributed.c
cc -O3 -ffast-math -g -mcpu=native -Wall -Wextra -std=c99 -c -o ds4_tp.o ds4_tp.c
cc -O3 -ffast-math -g -mcpu=native -Wall -Wextra -std=c99 -c -o ds4_ssd.o ds4_ssd.c
cc -O3 -ffast-math -g -mcpu=native -Wall -Wextra -fobjc-arc -c -o ds4_metal.o ds4_metal.m
cc -O3 -ffast-math -g -mcpu=native -Wall -Wextra -std=c99   -c -o ds4_layer_pack.o ds4_layer_pack.c
cc -O3 -g -mcpu=native -Wall -Wextra -std=c99 -c -o ds4_engram.o ds4_engram.c
cc -O3 -ffast-math -g -mcpu=native -Wall -Wextra -std=c99 -c -o ds4_server.o ds4_server.c
cc -O3 -ffast-math -g -mcpu=native -Wall -Wextra -std=c99 -c -o ds4_kvstore.o ds4_kvstore.c
cc -O3 -ffast-math -g -mcpu=native -Wall -Wextra -std=c99 -c -o rax.o rax.c
cc -O3 -ffast-math -g -mcpu=native -Wall -Wextra -std=c99 -c -o ds4_bench.o ds4_bench.c
cc -O3 -ffast-math -g -mcpu=native -Wall -Wextra -std=c99 -c -o ds4_eval.o ds4_eval.c
cc -O3 -ffast-math -g -mcpu=native -Wall -Wextra -std=c99 -c -o ds4_eval_cases.o ds4_eval_cases.c
cc -O3 -ffast-math -g -mcpu=native -Wall -Wextra -std=c99 -c -o ds4_agent.o ds4_agent.c
cc -O3 -ffast-math -g -mcpu=native -Wall -Wextra -std=c99 -c -o ds4_web.o ds4_web.c
cc -O3 -ffast-math -g -mcpu=native -Wall -Wextra -std=c99 -Wno-unused-function -c -o ds4_test.o tests/ds4_test.c
cc -O3 -ffast-math -g -mcpu=native -Wall -Wextra -std=c99 -Wno-unused-function -DDS4_NO_GPU -I. -c -o tests/test_session_state.o tests/test_session_state.c
cc -O3 -ffast-math -g -mcpu=native -Wall -Wextra -std=c99 -fno-finite-math-only -DDS4_TEST_HOOKS -I. -c -o tests/test_sampling.o tests/test_sampling.c
cc -O3 -ffast-math -g -mcpu=native -Wall -Wextra -std=c99 -Wno-unused-function -DDS4_NO_GPU -DDS4_TEST_HOOKS -c -o ds4_cpu_test_hooks.o ds4.c
cc -O3 -ffast-math -g -mcpu=native -Wall -Wextra -std=c99 -fno-fast-math -I. -c -o tests/test_metal_ssd_experts.o tests/test_metal_ssd_experts.c
cc -O3 -ffast-math -g -mcpu=native -Wall -Wextra -std=c99 -I. -c -o tests/test_qwen4_kernels.o tests/test_qwen4_kernels.c
cc -O3 -ffast-math -g -mcpu=native -Wall -Wextra -std=c99 -o tests/test_qwen4_kernels tests/test_qwen4_kernels.o ds4_metal.o ds4_image.o -lm -pthread -framework Foundation -framework Metal
cc -O3 -ffast-math -g -mcpu=native -Wall -Wextra -std=c99 -o tests/test_session_state tests/test_session_state.o ds4_image.o ds4_distributed.o ds4_tp.o ds4_ssd.o ds4_layer_pack.o -lm -pthread
cc -O3 -ffast-math -g -mcpu=native -Wall -Wextra -std=c99 -o tests/test_sampling tests/test_sampling.o ds4_cpu_test_hooks.o ds4_image.o ds4_distributed.o ds4_tp.o ds4_ssd.o ds4_layer_pack.o -lm -pthread
cc -O3 -ffast-math -g -mcpu=native -Wall -Wextra -std=c99 -o ds4 ds4_cli.o ds4_help.o ds4_prompt_prefix.o linenoise.o ds4_gpu_args.o ds4.o ds4_image.o ds4_distributed.o ds4_tp.o ds4_ssd.o ds4_metal.o ds4_layer_pack.o ds4_engram.o -lm -pthread -framework Foundation -framework Metal
cc -O3 -ffast-math -g -mcpu=native -Wall -Wextra -std=c99 -o ds4-server ds4_server.o ds4_help.o ds4_kvstore.o rax.o ds4_gpu_args.o ds4.o ds4_image.o ds4_distributed.o ds4_tp.o ds4_ssd.o ds4_metal.o ds4_layer_pack.o ds4_engram.o -lm -pthread -framework Foundation -framework Metal
cc -O3 -ffast-math -g -mcpu=native -Wall -Wextra -std=c99 -o ds4-bench ds4_bench.o ds4_help.o ds4_gpu_args.o ds4.o ds4_image.o ds4_distributed.o ds4_tp.o ds4_ssd.o ds4_metal.o ds4_layer_pack.o ds4_engram.o -lm -pthread -framework Foundation -framework Metal
cc -O3 -ffast-math -g -mcpu=native -Wall -Wextra -std=c99 -o ds4-eval ds4_eval.o ds4_eval_cases.o ds4_help.o ds4.o ds4_image.o ds4_distributed.o ds4_tp.o ds4_ssd.o ds4_metal.o ds4_layer_pack.o ds4_engram.o -lm -pthread -framework Foundation -framework Metal
cc -O3 -ffast-math -g -mcpu=native -Wall -Wextra -std=c99 -o ds4-agent ds4_agent.o ds4_help.o ds4_prompt_prefix.o ds4_web.o ds4_kvstore.o linenoise.o ds4_gpu_args.o ds4.o ds4_image.o ds4_distributed.o ds4_tp.o ds4_ssd.o ds4_metal.o ds4_layer_pack.o ds4_engram.o -lm -pthread -framework Foundation -framework Metal
cc -O3 -ffast-math -g -mcpu=native -Wall -Wextra -std=c99 -o ds4_test ds4_test.o ds4_help.o ds4_kvstore.o rax.o ds4.o ds4_image.o ds4_distributed.o ds4_tp.o ds4_ssd.o ds4_metal.o ds4_layer_pack.o ds4_engram.o -lm -pthread -framework Foundation -framework Metal
cc -O3 -ffast-math -g -mcpu=native -Wall -Wextra -std=c99 -o tests/test_metal_ssd_experts tests/test_metal_ssd_experts.o ds4.o ds4_image.o ds4_distributed.o ds4_tp.o ds4_ssd.o ds4_metal.o ds4_layer_pack.o ds4_engram.o -lm -pthread -framework Foundation -framework Metal
