ds4: Metal device Apple M5 Max, 64.00 GiB RAM
ds4: Metal 4 tensor API enabled for Tensor kernels
ds4: drift-patch flags hc_stable=on norm_unify=on kv_raw_f32=off rope_exp2_log2=off math_safe=off tensor_matmul=on
ds4: Metal SSD streaming mode enabled; full model residency and warmup are skipped
ds4: metal SSD streaming cache target 8.00 GiB; effective 8.00 GiB = 3.38 GiB prefill headroom + 4.62 GiB dynamic cache (701 experts, 6.75 MiB each)
ds4: Metal SSD static weights locked 8.20 GiB; pageable 0.00 GiB
ds4: SSD streaming initial metal model map (1 spans, 0.99 GiB tensor span)
ds4: metal backend initialized for graph diagnostics
ds4: memory: KV 0.07 GiB (raw 0.04 + compressed 0.03) + buffers 0.00 GiB + resident model 8.20 GiB + expert cache 4.62 GiB + prefill expert reserve 3.38 GiB = 16.27 GiB planned
ds4: memory detail: ctx=4096 prefill_cap=256 raw_kv_rows=512 compressed_kv_rows=1026 backend=metal
ds4-bench: context buffers 77.36 MiB (ctx=4096, backend=metal, prefill_chunk=256, raw_kv_rows=512, compressed_kv_rows=1026)
ds4-bench: gen[ctx=256] decoded text: "key_7") == 7

def test_cache_entry_8(cache):
    cache.put("key_8", 8)
    assert cache.get("key_8") == 8

def test_cache_entry_9(cache):
    cache.put("key_9", 9)
    assert cache.get("key_9") == 9

def test_cache_entry_10(cache):
    cache.put("key_10", 10)
    assert cache.get("key_10") == 10

def test_cache_entry_11(cache):
    cache.put("key_11", 11)
   "
ds4: Metal memory at cleanup: runtime 0.00 GiB + streaming experts 4.62 GiB = 4.62 GiB tracked live
ds4:   runtime tensors live 0.00 MiB peak 355.66 MiB
ds4:   macOS task memory footprint 4.86 GiB, resident 4.74 GiB, virtual 424.16 GiB
ds4:   mmap model wrapper creations 180 buffers 15.87 GiB cumulative, 1.12 GiB max (not copied)
ds4:   streaming expert cache budget=701 experts entries=701 expert=6.75 MiB target=4.62 GiB live=4.62 GiB, hits=74860 misses=24212 hit_rate=0.756 wraps=72636 evictions=23511 buffer_allocs=2 buffer_reuses=23511 evict_dontneed=0.00 GiB miss_willneed=0.00 GiB miss_pread=159.60 GiB pread_ms=6059.320
ds4:   streaming expert buffer mlock locked=4.62 GiB failed=0.00 GiB failures=0 time=118.825 ms
ds4:   streaming cache aging tokens=128 first_layer=0 decay_token=113
ds4:   streaming expert timing total selected_calls=5504 read_avg=0.000 ms sync_avg=0.000 ms copy_avg=0.000 ms bind_avg=0.173 ms read_total=0.000 ms sync_total=0.000 ms copy_total=0.000 ms bind_total=949.459 ms split_layers=3510 resident_experts_avg=2.18 missing_experts_avg=3.82 resident_submit_avg=0.041 ms missing_bind_avg=0.598 ms resident_submit_total=145.075 ms missing_bind_total=2097.678 ms missing_load_avg=0.567 ms missing_slot_avg=0.000 ms missing_prune_avg=0.000 ms missing_addr_avg=0.000 ms missing_wait_avg=0.030 ms missing_wait_total=106.131 ms load_calls=5432 load_prepare_avg=0.669 ms load_pread_avg=1.115 ms load_install_avg=0.003 ms prepare_batch_reuse_calls=4963 prepare_batch_reuse_avg=0.053 ms prepare_batch_reuse_total=262.477 ms prepare_buffer_calls=6184 prepare_buffer_avg=0.039 ms prepare_buffer_total=240.960 ms prepare_task_experts=24212 prepare_task_avg=0.000 ms prepare_task_total=0.667 ms reuse_scan_calls=10446 reuse_scan_entries_avg=30720.0 reuse_scan_avg=0.036 ms reuse_scan_total=372.129 ms reuse_clear_total=10.659 ms readahead_calls=55362 readahead_avg=0.056 ms readahead_total=3119.658 ms readahead_gib=121.65 cache_all_resident=115 cache_all_missing=373 cache_mixed=5016 cache_resident_avg=2.65 cache_missing_avg=3.35
ds4:   streaming expert timing delta selected_calls=5504 read_avg=0.000 ms sync_avg=0.000 ms copy_avg=0.000 ms bind_avg=0.173 ms read_total=0.000 ms sync_total=0.000 ms copy_total=0.000 ms bind_total=949.459 ms split_layers=3510 resident_experts_avg=2.18 missing_experts_avg=3.82 resident_submit_avg=0.041 ms missing_bind_avg=0.598 ms resident_submit_total=145.075 ms missing_bind_total=2097.678 ms missing_load_avg=0.567 ms missing_slot_avg=0.000 ms missing_prune_avg=0.000 ms missing_addr_avg=0.000 ms missing_wait_avg=0.030 ms missing_wait_total=106.131 ms load_calls=5432 load_prepare_avg=0.669 ms load_pread_avg=1.115 ms load_install_avg=0.003 ms prepare_batch_reuse_calls=4963 prepare_batch_reuse_avg=0.053 ms prepare_batch_reuse_total=262.477 ms prepare_buffer_calls=6184 prepare_buffer_avg=0.039 ms prepare_buffer_total=240.960 ms prepare_task_experts=24212 prepare_task_avg=0.000 ms prepare_task_total=0.667 ms reuse_scan_calls=10446 reuse_scan_entries_avg=30720.0 reuse_scan_avg=0.036 ms reuse_scan_total=372.129 ms reuse_clear_total=10.659 ms readahead_calls=55362 readahead_avg=0.056 ms readahead_total=3119.658 ms readahead_gib=121.65 cache_all_resident=115 cache_all_missing=373 cache_mixed=5016 cache_resident_avg=2.65 cache_missing_avg=3.35
ds4:   model residency requests 0 (ssd-streaming)
ds4:   device Apple M5 Max, Metal 4 runtime yes, family yes, MTL4 queue yes, tensor API enabled, M5 neural accelerators likely
ds4:   accelerated Metal path enabled
ds4:   device Apple M5 Max, Metal 4 runtime yes, family yes, MTL4 queue yes, tensor API enabled, M5 neural accelerators likely
ds4:   scratch 10.27 MiB (flash mask 0.02, pad 0.16, tmp 4.02, blk 0.00, ring 0.00, kv 0.31, compressor 4.77, router 0.25, indexer 0.01, moe 0.00, f16 0.25, raw-store 0.50)
